// Jest Snapshot v1, https://goo.gl/fbAQLP

exports[`renders homepage unchanged 1`] = `
<div>
  <header>
    <nav>
      <a
        href="/"
        onClick={[Function]}
        onMouseEnter={[Function]}
      >
        Home
      </a>
       
      |
       
      <a
        href="/about"
        onClick={[Function]}
        onMouseEnter={[Function]}
      >
        About
      </a>
       
      |
       
      <a
        href="/users"
        onClick={[Function]}
        onMouseEnter={[Function]}
      >
        Users List
      </a>
       
      | 
      <a
        href="/api/users"
      >
        Users API
      </a>
    </nav>
  </header>
  <h1>
    Hello Next.js at Underbelly ðŸ‘‹
  </h1>
  <p>
    <a
      href="/about"
      onClick={[Function]}
      onMouseEnter={[Function]}
    >
      About
    </a>
  </p>
  <footer>
    <hr />
    <span>
      I'm here to stay (Footer)
    </span>
  </footer>
</div>
`;
